Rebuild target 'Target 1'
assembling startup_gd32f10x_hd.s...
compiling main.c...
compiling App_Adc.c...
compiling App_Uart.c...
compiling drv_adc.c...
..\driver\drv_adc.c(77): warning:  #177-D: function "ADC_AdcConfig" was declared but never referenced
  static void ADC_AdcConfig(void)
..\driver\drv_adc.c: 1 warning, 0 errors
compiling drv_Init.c...
compiling drv_IO.c...
compiling drv_uart.c...
compiling drv_Timer.c...
compiling gd32f10x_adc.c...
compiling gd32f10x_dma.c...
compiling gd32f10x_exti.c...
compiling gd32f10x_gpio.c...
compiling gd32f10x_i2c.c...
compiling gd32f10x_iwdg.c...
compiling gd32f10x_misc.c...
compiling gd32f10x_rcc.c...
compiling gd32f10x_timer.c...
compiling gd32f10x_usart.c...
compiling core_cm3.c...
compiling system_gd32f10x.c...
linking...
Program Size: Code=11216 RO-data=400 RW-data=48 ZI-data=1584  
"..\object\TestLED.axf" - 0 Error(s), 1 Warning(s).
