Component: ARM Compiler 5.05 update 1 (build 106) Tool: armlink [4d0efa]

==============================================================================

Section Cross References

    startup_gd32f10x_hd.o(RESET) refers to startup_gd32f10x_hd.o(STACK) for __initial_sp
    startup_gd32f10x_hd.o(RESET) refers to startup_gd32f10x_hd.o(.text) for Reset_Handler
    startup_gd32f10x_hd.o(RESET) refers to drv_timer.o(i.TIMER2_IRQHandler) for TIMER2_IRQHandler
    startup_gd32f10x_hd.o(RESET) refers to app_uart.o(i.USART1_IRQHandler) for USART1_IRQHandler
    startup_gd32f10x_hd.o(.text) refers to system_gd32f10x.o(i.SystemInit) for SystemInit
    startup_gd32f10x_hd.o(.text) refers to entry.o(.ARM.Collect$$$$00000000) for __main
    app_uart.o(i.USART1_IRQHandler) refers to gd32f10x_usart.o(i.USART_GetIntBitState) for USART_GetIntBitState
    app_uart.o(i.USART1_IRQHandler) refers to gd32f10x_usart.o(i.USART_ClearIntBitState) for USART_ClearIntBitState
    app_uart.o(i.USART1_IRQHandler) refers to gd32f10x_usart.o(i.USART_DataReceive) for USART_DataReceive
    drv_adc.o(i.ADC_AdcConfig) refers to gd32f10x_rcc.o(i.RCC_APB2PeriphClock_Enable) for RCC_APB2PeriphClock_Enable
    drv_adc.o(i.ADC_AdcConfig) refers to gd32f10x_rcc.o(i.RCC_ADCCLKConfig) for RCC_ADCCLKConfig
    drv_adc.o(i.ADC_AdcConfig) refers to gd32f10x_adc.o(i.ADC_Init) for ADC_Init
    drv_adc.o(i.ADC_AdcConfig) refers to gd32f10x_adc.o(i.ADC_Enable) for ADC_Enable
    drv_adc.o(i.ADC_AdcConfig) refers to gd32f10x_adc.o(i.ADC_Calibration) for ADC_Calibration
    drv_adc.o(i.ADC_AdcConfig) refers to gd32f10x_adc.o(i.ADC_SoftwareStartConv_Enable) for ADC_SoftwareStartConv_Enable
    drv_adc.o(i.ADC_DMAConfig) refers to gd32f10x_rcc.o(i.RCC_APB2PeriphClock_Enable) for RCC_APB2PeriphClock_Enable
    drv_adc.o(i.ADC_DMAConfig) refers to gd32f10x_rcc.o(i.RCC_AHBPeriphClock_Enable) for RCC_AHBPeriphClock_Enable
    drv_adc.o(i.ADC_DMAConfig) refers to gd32f10x_rcc.o(i.RCC_ADCCLKConfig) for RCC_ADCCLKConfig
    drv_adc.o(i.ADC_DMAConfig) refers to gd32f10x_dma.o(i.DMA_DeInit) for DMA_DeInit
    drv_adc.o(i.ADC_DMAConfig) refers to gd32f10x_dma.o(i.DMA_Init) for DMA_Init
    drv_adc.o(i.ADC_DMAConfig) refers to gd32f10x_dma.o(i.DMA_Enable) for DMA_Enable
    drv_adc.o(i.ADC_DMAConfig) refers to gd32f10x_adc.o(i.ADC_Init) for ADC_Init
    drv_adc.o(i.ADC_DMAConfig) refers to gd32f10x_adc.o(i.ADC_RegularChannel_Config) for ADC_RegularChannel_Config
    drv_adc.o(i.ADC_DMAConfig) refers to gd32f10x_adc.o(i.ADC_DMA_Enable) for ADC_DMA_Enable
    drv_adc.o(i.ADC_DMAConfig) refers to gd32f10x_adc.o(i.ADC_Enable) for ADC_Enable
    drv_adc.o(i.ADC_DMAConfig) refers to gd32f10x_adc.o(i.ADC_Calibration) for ADC_Calibration
    drv_adc.o(i.ADC_DMAConfig) refers to gd32f10x_adc.o(i.ADC_SoftwareStartConv_Enable) for ADC_SoftwareStartConv_Enable
    drv_adc.o(i.ADC_DMAConfig) refers to drv_adc.o(.bss) for ADC_ConvertedValue
    drv_adc.o(i.ADC_GpioConfig) refers to gd32f10x_rcc.o(i.RCC_APB2PeriphClock_Enable) for RCC_APB2PeriphClock_Enable
    drv_adc.o(i.ADC_GpioConfig) refers to gd32f10x_gpio.o(i.GPIO_Init) for GPIO_Init
    drv_adc.o(i.DRV_ADC_Init) refers to drv_adc.o(i.ADC_GpioConfig) for ADC_GpioConfig
    drv_adc.o(i.DRV_ADC_Init) refers to drv_adc.o(i.ADC_DMAConfig) for ADC_DMAConfig
    drv_init.o(i.DRV_IWDG_Configuration) refers to gd32f10x_iwdg.o(i.IWDG_Write_Enable) for IWDG_Write_Enable
    drv_init.o(i.DRV_IWDG_Configuration) refers to gd32f10x_iwdg.o(i.IWDG_SetPrescaler) for IWDG_SetPrescaler
    drv_init.o(i.DRV_IWDG_Configuration) refers to gd32f10x_iwdg.o(i.IWDG_SetReloadValue) for IWDG_SetReloadValue
    drv_init.o(i.DRV_IWDG_Configuration) refers to gd32f10x_iwdg.o(i.IWDG_ReloadCounter) for IWDG_ReloadCounter
    drv_init.o(i.DRV_IWDG_Configuration) refers to gd32f10x_iwdg.o(i.IWDG_Enable) for IWDG_Enable
    drv_init.o(i.DRV_Init) refers to drv_io.o(i.DRV_IO_Init) for DRV_IO_Init
    drv_init.o(i.DRV_Init) refers to drv_adc.o(i.DRV_ADC_Init) for DRV_ADC_Init
    drv_init.o(i.DRV_Init) refers to drv_timer.o(i.DRV_Timer_Init) for DRV_Timer_Init
    drv_init.o(i.DRV_Init) refers to drv_uart.o(i.DRV_UART_Init) for DRV_UART_Init
    drv_init.o(i.DRV_Init) refers to drv_init.o(i.DRV_IWDG_Configuration) for DRV_IWDG_Configuration
    drv_io.o(i.App_PowerCtl_Init) refers to gd32f10x_gpio.o(i.GPIO_SetBits) for GPIO_SetBits
    drv_io.o(i.DRV_IO_Init) refers to gd32f10x_rcc.o(i.RCC_APB2PeriphClock_Enable) for RCC_APB2PeriphClock_Enable
    drv_io.o(i.DRV_IO_Init) refers to gd32f10x_gpio.o(i.GPIO_Init) for GPIO_Init
    drv_uart.o(i.DRV_UART_Init) refers to drv_uart.o(i.UART1_GPIOInit) for UART1_GPIOInit
    drv_uart.o(i.DRV_UART_Init) refers to drv_uart.o(i.UART1_Config) for UART1_Config
    drv_uart.o(i.DRV_UART_Init) refers to drv_uart.o(i.UART1_NVIC_Config) for UART1_NVIC_Config
    drv_uart.o(i.DRV_UART_Init) refers to gd32f10x_usart.o(i.USART_INT_Set) for USART_INT_Set
    drv_uart.o(i.DRV_UART_Init) refers to gd32f10x_usart.o(i.USART_Enable) for USART_Enable
    drv_uart.o(i.UART1_Config) refers to gd32f10x_rcc.o(i.RCC_APB2PeriphClock_Enable) for RCC_APB2PeriphClock_Enable
    drv_uart.o(i.UART1_Config) refers to gd32f10x_usart.o(i.USART_DeInit) for USART_DeInit
    drv_uart.o(i.UART1_Config) refers to gd32f10x_usart.o(i.USART_Init) for USART_Init
    drv_uart.o(i.UART1_GPIOInit) refers to gd32f10x_rcc.o(i.RCC_APB2PeriphClock_Enable) for RCC_APB2PeriphClock_Enable
    drv_uart.o(i.UART1_GPIOInit) refers to gd32f10x_gpio.o(i.GPIO_Init) for GPIO_Init
    drv_uart.o(i.UART1_NVIC_Config) refers to gd32f10x_misc.o(i.NVIC_Init) for NVIC_Init
    drv_timer.o(i.DRV_TIM2_Configuration) refers to gd32f10x_rcc.o(i.RCC_APB1PeriphClock_Enable) for RCC_APB1PeriphClock_Enable
    drv_timer.o(i.DRV_TIM2_Configuration) refers to gd32f10x_timer.o(i.TIMER_DeInit) for TIMER_DeInit
    drv_timer.o(i.DRV_TIM2_Configuration) refers to gd32f10x_timer.o(i.TIMER_BaseInit) for TIMER_BaseInit
    drv_timer.o(i.DRV_TIM2_Configuration) refers to gd32f10x_timer.o(i.TIMER_INTConfig) for TIMER_INTConfig
    drv_timer.o(i.DRV_TIM2_Configuration) refers to gd32f10x_timer.o(i.TIMER_SinglePulseMode) for TIMER_SinglePulseMode
    drv_timer.o(i.DRV_TIM2_Configuration) refers to gd32f10x_timer.o(i.TIMER_Enable) for TIMER_Enable
    drv_timer.o(i.DRV_TIM2_NVIC_Configuration) refers to gd32f10x_misc.o(i.NVIC_PRIGroup_Enable) for NVIC_PRIGroup_Enable
    drv_timer.o(i.DRV_TIM2_NVIC_Configuration) refers to gd32f10x_misc.o(i.NVIC_Init) for NVIC_Init
    drv_timer.o(i.DRV_Timer_Init) refers to drv_timer.o(i.DRV_TIM2_Configuration) for DRV_TIM2_Configuration
    drv_timer.o(i.DRV_Timer_Init) refers to drv_timer.o(i.DRV_TIM2_NVIC_Configuration) for DRV_TIM2_NVIC_Configuration
    drv_timer.o(i.TIMER2_IRQHandler) refers to gd32f10x_iwdg.o(i.IWDG_ReloadCounter) for IWDG_ReloadCounter
    drv_timer.o(i.TIMER2_IRQHandler) refers to gd32f10x_timer.o(i.TIMER_GetIntBitState) for TIMER_GetIntBitState
    drv_timer.o(i.TIMER2_IRQHandler) refers to gd32f10x_timer.o(i.TIMER_ClearIntBitState) for TIMER_ClearIntBitState
    drv_timer.o(i.TIMER2_IRQHandler) refers to drv_timer.o(.bss) for T2_COUNT
    gd32f10x_adc.o(i.ADC_DeInit) refers to gd32f10x_rcc.o(i.RCC_APB2PeriphReset_Enable) for RCC_APB2PeriphReset_Enable
    gd32f10x_gpio.o(i.GPIO_AFDeInit) refers to gd32f10x_rcc.o(i.RCC_APB2PeriphReset_Enable) for RCC_APB2PeriphReset_Enable
    gd32f10x_gpio.o(i.GPIO_DeInit) refers to gd32f10x_rcc.o(i.RCC_APB2PeriphReset_Enable) for RCC_APB2PeriphReset_Enable
    gd32f10x_i2c.o(i.I2C_DeInit) refers to gd32f10x_rcc.o(i.RCC_APB1PeriphReset_Enable) for RCC_APB1PeriphReset_Enable
    gd32f10x_i2c.o(i.I2C_Init) refers to gd32f10x_rcc.o(i.RCC_GetClocksFreq) for RCC_GetClocksFreq
    gd32f10x_rcc.o(i.RCC_GetClocksFreq) refers to gd32f10x_rcc.o(.data) for AHBPrescTable
    gd32f10x_rcc.o(i.RCC_WaitForHSEStartUp) refers to gd32f10x_rcc.o(i.RCC_GetBitState) for RCC_GetBitState
    gd32f10x_timer.o(i.TIMER_ETRClockMode1Config) refers to gd32f10x_timer.o(i.TIMER_ETRConfig) for TIMER_ETRConfig
    gd32f10x_timer.o(i.TIMER_ETRClockMode2Config) refers to gd32f10x_timer.o(i.TIMER_ETRConfig) for TIMER_ETRConfig
    gd32f10x_timer.o(i.TIMER_ICInit) refers to gd32f10x_timer.o(i.TI1_Config) for TI1_Config
    gd32f10x_timer.o(i.TIMER_ICInit) refers to gd32f10x_timer.o(i.TIMER_Set_IC1_Prescaler) for TIMER_Set_IC1_Prescaler
    gd32f10x_timer.o(i.TIMER_ICInit) refers to gd32f10x_timer.o(i.TI2_Config) for TI2_Config
    gd32f10x_timer.o(i.TIMER_ICInit) refers to gd32f10x_timer.o(i.TIMER_Set_IC2_Prescaler) for TIMER_Set_IC2_Prescaler
    gd32f10x_timer.o(i.TIMER_ICInit) refers to gd32f10x_timer.o(i.TI3_Config) for TI3_Config
    gd32f10x_timer.o(i.TIMER_ICInit) refers to gd32f10x_timer.o(i.TIMER_Set_IC3_Prescaler) for TIMER_Set_IC3_Prescaler
    gd32f10x_timer.o(i.TIMER_ICInit) refers to gd32f10x_timer.o(i.TI4_Config) for TI4_Config
    gd32f10x_timer.o(i.TIMER_ICInit) refers to gd32f10x_timer.o(i.TIMER_Set_IC4_Prescaler) for TIMER_Set_IC4_Prescaler
    gd32f10x_timer.o(i.TIMER_ITRxExtClock) refers to gd32f10x_timer.o(i.TIMER_SelectInputTrigger) for TIMER_SelectInputTrigger
    gd32f10x_timer.o(i.TIMER_PWMCaptureConfig) refers to gd32f10x_timer.o(i.TI1_Config) for TI1_Config
    gd32f10x_timer.o(i.TIMER_PWMCaptureConfig) refers to gd32f10x_timer.o(i.TIMER_Set_IC1_Prescaler) for TIMER_Set_IC1_Prescaler
    gd32f10x_timer.o(i.TIMER_PWMCaptureConfig) refers to gd32f10x_timer.o(i.TI2_Config) for TI2_Config
    gd32f10x_timer.o(i.TIMER_PWMCaptureConfig) refers to gd32f10x_timer.o(i.TIMER_Set_IC2_Prescaler) for TIMER_Set_IC2_Prescaler
    gd32f10x_timer.o(i.TIMER_TIxExtCLkConfig) refers to gd32f10x_timer.o(i.TI2_Config) for TI2_Config
    gd32f10x_timer.o(i.TIMER_TIxExtCLkConfig) refers to gd32f10x_timer.o(i.TI1_Config) for TI1_Config
    gd32f10x_timer.o(i.TIMER_TIxExtCLkConfig) refers to gd32f10x_timer.o(i.TIMER_SelectInputTrigger) for TIMER_SelectInputTrigger
    gd32f10x_usart.o(i.USART_DeInit) refers to gd32f10x_rcc.o(i.RCC_APB2PeriphReset_Enable) for RCC_APB2PeriphReset_Enable
    gd32f10x_usart.o(i.USART_DeInit) refers to gd32f10x_rcc.o(i.RCC_APB1PeriphReset_Enable) for RCC_APB1PeriphReset_Enable
    gd32f10x_usart.o(i.USART_Init) refers to gd32f10x_rcc.o(i.RCC_GetClocksFreq) for RCC_GetClocksFreq
    system_gd32f10x.o(i.SetSysClock) refers to system_gd32f10x.o(i.SetSysClockTo108) for SetSysClockTo108
    system_gd32f10x.o(i.SystemCoreClockUpdate) refers to system_gd32f10x.o(.data) for SystemCoreClock
    system_gd32f10x.o(i.SystemInit) refers to system_gd32f10x.o(i.SetSysClock) for SetSysClock
    gd32f10x_fmc.o(i.FMC_B1_WaitReady) refers to gd32f10x_fmc.o(i.FMC_GetB1State) for FMC_GetB1State
    gd32f10x_fmc.o(i.FMC_B2_WaitReady) refers to gd32f10x_fmc.o(i.FMC_GetB2State) for FMC_GetB2State
    gd32f10x_fmc.o(i.FMC_ErasePage) refers to gd32f10x_fmc.o(i.FMC_B1_WaitReady) for FMC_B1_WaitReady
    gd32f10x_fmc.o(i.FMC_ErasePage) refers to gd32f10x_fmc.o(i.FMC_B2_WaitReady) for FMC_B2_WaitReady
    gd32f10x_fmc.o(i.FMC_ErasePage) refers to gd32f10x_fmc.o(i.FMC_WaitReady) for FMC_WaitReady
    gd32f10x_fmc.o(i.FMC_MassB1Erase) refers to gd32f10x_fmc.o(i.FMC_B1_WaitReady) for FMC_B1_WaitReady
    gd32f10x_fmc.o(i.FMC_MassB2Erase) refers to gd32f10x_fmc.o(i.FMC_B2_WaitReady) for FMC_B2_WaitReady
    gd32f10x_fmc.o(i.FMC_MassErase) refers to gd32f10x_fmc.o(i.FMC_B1_WaitReady) for FMC_B1_WaitReady
    gd32f10x_fmc.o(i.FMC_MassErase) refers to gd32f10x_fmc.o(i.FMC_B2_WaitReady) for FMC_B2_WaitReady
    gd32f10x_fmc.o(i.FMC_MassErase) refers to gd32f10x_fmc.o(i.FMC_WaitReady) for FMC_WaitReady
    gd32f10x_fmc.o(i.FMC_OB_BOOTConfig) refers to gd32f10x_fmc.o(i.FMC_WaitReady) for FMC_WaitReady
    gd32f10x_fmc.o(i.FMC_OB_EnableWRP) refers to gd32f10x_fmc.o(i.FMC_WaitReady) for FMC_WaitReady
    gd32f10x_fmc.o(i.FMC_OB_Erase) refers to gd32f10x_fmc.o(i.FMC_WaitReady) for FMC_WaitReady
    gd32f10x_fmc.o(i.FMC_OB_Erase) refers to gd32f10x_fmc.o(i.FMC_OB_GetRDP) for FMC_OB_GetRDP
    gd32f10x_fmc.o(i.FMC_OB_RDPConfig) refers to gd32f10x_fmc.o(i.FMC_WaitReady) for FMC_WaitReady
    gd32f10x_fmc.o(i.FMC_OB_UserConfig) refers to gd32f10x_fmc.o(i.FMC_WaitReady) for FMC_WaitReady
    gd32f10x_fmc.o(i.FMC_OB_WriteUser) refers to gd32f10x_fmc.o(i.FMC_WaitReady) for FMC_WaitReady
    gd32f10x_fmc.o(i.FMC_ProgramOptionByteData) refers to gd32f10x_fmc.o(i.FMC_WaitReady) for FMC_WaitReady
    gd32f10x_fmc.o(i.FMC_ProgramWord) refers to gd32f10x_fmc.o(i.FMC_B1_WaitReady) for FMC_B1_WaitReady
    gd32f10x_fmc.o(i.FMC_ProgramWord) refers to gd32f10x_fmc.o(i.FMC_WaitReady) for FMC_WaitReady
    gd32f10x_fmc.o(i.FMC_ProgramWord) refers to gd32f10x_fmc.o(i.FMC_B2_WaitReady) for FMC_B2_WaitReady
    gd32f10x_fmc.o(i.FMC_ReadOutProtection) refers to gd32f10x_fmc.o(i.FMC_WaitReady) for FMC_WaitReady
    gd32f10x_fmc.o(i.FMC_WaitReady) refers to gd32f10x_fmc.o(i.FMC_GetState) for FMC_GetState
    entry.o(.ARM.Collect$$$$00000000) refers (Special) to entry10a.o(.ARM.Collect$$$$0000000D) for __rt_final_cpp
    entry.o(.ARM.Collect$$$$00000000) refers (Special) to entry11a.o(.ARM.Collect$$$$0000000F) for __rt_final_exit
    entry.o(.ARM.Collect$$$$00000000) refers (Special) to entry7b.o(.ARM.Collect$$$$00000008) for _main_clock
    entry.o(.ARM.Collect$$$$00000000) refers (Special) to entry8b.o(.ARM.Collect$$$$0000000A) for _main_cpp_init
    entry.o(.ARM.Collect$$$$00000000) refers (Special) to entry9a.o(.ARM.Collect$$$$0000000B) for _main_init
    entry.o(.ARM.Collect$$$$00000000) refers (Special) to entry5.o(.ARM.Collect$$$$00000004) for _main_scatterload
    entry.o(.ARM.Collect$$$$00000000) refers (Special) to entry2.o(.ARM.Collect$$$$00000001) for _main_stk
    entry2.o(.ARM.Collect$$$$00000001) refers to entry2.o(.ARM.Collect$$$$00002712) for __lit__00000000
    entry2.o(.ARM.Collect$$$$00002712) refers to startup_gd32f10x_hd.o(STACK) for __initial_sp
    entry2.o(__vectab_stack_and_reset_area) refers to startup_gd32f10x_hd.o(STACK) for __initial_sp
    entry2.o(__vectab_stack_and_reset_area) refers to entry.o(.ARM.Collect$$$$00000000) for __main
    entry5.o(.ARM.Collect$$$$00000004) refers to init.o(.text) for __scatterload
    entry9a.o(.ARM.Collect$$$$0000000B) refers to main.o(i.main) for main
    entry9b.o(.ARM.Collect$$$$0000000C) refers to main.o(i.main) for main
    init.o(.text) refers to entry5.o(.ARM.Collect$$$$00000004) for __main_after_scatterload


==============================================================================

Removing Unused input sections from the image.

    Removing startup_gd32f10x_hd.o(HEAP), (8192 bytes).
    Removing main.o(.rev16_text), (4 bytes).
    Removing main.o(.revsh_text), (4 bytes).
    Removing main.o(.rrx_text), (6 bytes).
    Removing app_adc.o(.rev16_text), (4 bytes).
    Removing app_adc.o(.revsh_text), (4 bytes).
    Removing app_adc.o(.rrx_text), (6 bytes).
    Removing app_uart.o(.rev16_text), (4 bytes).
    Removing app_uart.o(.revsh_text), (4 bytes).
    Removing app_uart.o(.rrx_text), (6 bytes).
    Removing drv_adc.o(.rev16_text), (4 bytes).
    Removing drv_adc.o(.revsh_text), (4 bytes).
    Removing drv_adc.o(.rrx_text), (6 bytes).
    Removing drv_adc.o(i.ADC_AdcConfig), (216 bytes).
    Removing drv_adc.o(i.ADC_DMAConfig), (372 bytes).
    Removing drv_adc.o(i.ADC_GpioConfig), (80 bytes).
    Removing drv_adc.o(i.DRV_ADC_Init), (12 bytes).
    Removing drv_adc.o(.bss), (220 bytes).
    Removing drv_init.o(.rev16_text), (4 bytes).
    Removing drv_init.o(.revsh_text), (4 bytes).
    Removing drv_init.o(.rrx_text), (6 bytes).
    Removing drv_init.o(i.DRV_IWDG_Configuration), (34 bytes).
    Removing drv_init.o(i.DRV_Init), (28 bytes).
    Removing drv_io.o(.rev16_text), (4 bytes).
    Removing drv_io.o(.revsh_text), (4 bytes).
    Removing drv_io.o(.rrx_text), (6 bytes).
    Removing drv_io.o(i.App_PowerCtl_Init), (68 bytes).
    Removing drv_io.o(i.DRV_IO_Init), (84 bytes).
    Removing drv_uart.o(.rev16_text), (4 bytes).
    Removing drv_uart.o(.revsh_text), (4 bytes).
    Removing drv_uart.o(.rrx_text), (6 bytes).
    Removing drv_uart.o(i.DRV_UART_Init), (44 bytes).
    Removing drv_uart.o(i.UART1_Config), (60 bytes).
    Removing drv_uart.o(i.UART1_GPIOInit), (68 bytes).
    Removing drv_uart.o(i.UART1_NVIC_Config), (32 bytes).
    Removing drv_timer.o(.rev16_text), (4 bytes).
    Removing drv_timer.o(.revsh_text), (4 bytes).
    Removing drv_timer.o(.rrx_text), (6 bytes).
    Removing drv_timer.o(i.DRV_TIM2_Configuration), (80 bytes).
    Removing drv_timer.o(i.DRV_TIM2_NVIC_Configuration), (42 bytes).
    Removing drv_timer.o(i.DRV_Timer_Init), (12 bytes).
    Removing gd32f10x_adc.o(.rev16_text), (4 bytes).
    Removing gd32f10x_adc.o(.revsh_text), (4 bytes).
    Removing gd32f10x_adc.o(.rrx_text), (6 bytes).
    Removing gd32f10x_adc.o(i.ADC_AnalogWatchdogSingleChannel_Config), (16 bytes).
    Removing gd32f10x_adc.o(i.ADC_AnalogWatchdogThresholds_Config), (6 bytes).
    Removing gd32f10x_adc.o(i.ADC_AnalogWatchdog_Enable), (20 bytes).
    Removing gd32f10x_adc.o(i.ADC_AutoInsertedConv_Enable), (22 bytes).
    Removing gd32f10x_adc.o(i.ADC_Calibration), (42 bytes).
    Removing gd32f10x_adc.o(i.ADC_ClearBitState), (6 bytes).
    Removing gd32f10x_adc.o(i.ADC_ClearIntBitState), (10 bytes).
    Removing gd32f10x_adc.o(i.ADC_DMA_Enable), (22 bytes).
    Removing gd32f10x_adc.o(i.ADC_DeInit), (108 bytes).
    Removing gd32f10x_adc.o(i.ADC_DiscModeChannelCount_Config), (24 bytes).
    Removing gd32f10x_adc.o(i.ADC_DiscMode_Enable), (22 bytes).
    Removing gd32f10x_adc.o(i.ADC_Enable), (22 bytes).
    Removing gd32f10x_adc.o(i.ADC_ExternalTrigConv_Enable), (22 bytes).
    Removing gd32f10x_adc.o(i.ADC_ExternalTrigInsertedConv_Config), (16 bytes).
    Removing gd32f10x_adc.o(i.ADC_ExternalTrigInsertedConv_Enable), (22 bytes).
    Removing gd32f10x_adc.o(i.ADC_GetBitState), (16 bytes).
    Removing gd32f10x_adc.o(i.ADC_GetConversionValue), (8 bytes).
    Removing gd32f10x_adc.o(i.ADC_GetDualModeConversionValue), (12 bytes).
    Removing gd32f10x_adc.o(i.ADC_GetInsertedConversionValue), (28 bytes).
    Removing gd32f10x_adc.o(i.ADC_GetIntState), (34 bytes).
    Removing gd32f10x_adc.o(i.ADC_GetSoftwareStartConvBitState), (18 bytes).
    Removing gd32f10x_adc.o(i.ADC_GetSoftwareStartInsertedConvCmdBitState), (18 bytes).
    Removing gd32f10x_adc.o(i.ADC_INTConfig), (24 bytes).
    Removing gd32f10x_adc.o(i.ADC_Init), (80 bytes).
    Removing gd32f10x_adc.o(i.ADC_InsertedChannel_Config), (130 bytes).
    Removing gd32f10x_adc.o(i.ADC_InsertedDiscMode_Enable), (22 bytes).
    Removing gd32f10x_adc.o(i.ADC_InsertedSequencerLength_Config), (24 bytes).
    Removing gd32f10x_adc.o(i.ADC_RegularChannel_Config), (184 bytes).
    Removing gd32f10x_adc.o(i.ADC_SetInsertedOffset), (20 bytes).
    Removing gd32f10x_adc.o(i.ADC_SoftwareStartConv_Enable), (22 bytes).
    Removing gd32f10x_adc.o(i.ADC_SoftwareStartInsertedConv_Enable), (22 bytes).
    Removing gd32f10x_adc.o(i.ADC_TempSensorVrefint_Enable), (36 bytes).
    Removing gd32f10x_dma.o(.rev16_text), (4 bytes).
    Removing gd32f10x_dma.o(.revsh_text), (4 bytes).
    Removing gd32f10x_dma.o(.rrx_text), (6 bytes).
    Removing gd32f10x_dma.o(i.DMA_ClearBitState), (28 bytes).
    Removing gd32f10x_dma.o(i.DMA_ClearIntBitState), (28 bytes).
    Removing gd32f10x_dma.o(i.DMA_DeInit), (332 bytes).
    Removing gd32f10x_dma.o(i.DMA_Enable), (24 bytes).
    Removing gd32f10x_dma.o(i.DMA_GetBitState), (44 bytes).
    Removing gd32f10x_dma.o(i.DMA_GetCurrDataCounter), (8 bytes).
    Removing gd32f10x_dma.o(i.DMA_GetIntBitState), (44 bytes).
    Removing gd32f10x_dma.o(i.DMA_INTConfig), (18 bytes).
    Removing gd32f10x_dma.o(i.DMA_Init), (60 bytes).
    Removing gd32f10x_dma.o(i.DMA_ParaInit), (26 bytes).
    Removing gd32f10x_dma.o(i.DMA_SetCurrDataCounter), (4 bytes).
    Removing gd32f10x_exti.o(.rev16_text), (4 bytes).
    Removing gd32f10x_exti.o(.revsh_text), (4 bytes).
    Removing gd32f10x_exti.o(.rrx_text), (6 bytes).
    Removing gd32f10x_exti.o(i.EXTI_ClearBitState), (12 bytes).
    Removing gd32f10x_exti.o(i.EXTI_ClearIntBitState), (12 bytes).
    Removing gd32f10x_exti.o(i.EXTI_DeInit), (52 bytes).
    Removing gd32f10x_exti.o(i.EXTI_GetBitState), (24 bytes).
    Removing gd32f10x_exti.o(i.EXTI_GetIntBitState), (32 bytes).
    Removing gd32f10x_exti.o(i.EXTI_Init), (148 bytes).
    Removing gd32f10x_exti.o(i.EXTI_SWINT_Enable), (16 bytes).
    Removing gd32f10x_gpio.o(.rev16_text), (4 bytes).
    Removing gd32f10x_gpio.o(.revsh_text), (4 bytes).
    Removing gd32f10x_gpio.o(.rrx_text), (6 bytes).
    Removing gd32f10x_gpio.o(i.GPIO_AFDeInit), (20 bytes).
    Removing gd32f10x_gpio.o(i.GPIO_DeInit), (200 bytes).
    Removing gd32f10x_gpio.o(i.GPIO_ETH_MediaInterfaceConfig), (24 bytes).
    Removing gd32f10x_gpio.o(i.GPIO_EXTILineConfig), (152 bytes).
    Removing gd32f10x_gpio.o(i.GPIO_EventOutputConfig), (32 bytes).
    Removing gd32f10x_gpio.o(i.GPIO_EventOutput_Enable), (36 bytes).
    Removing gd32f10x_gpio.o(i.GPIO_Init), (278 bytes).
    Removing gd32f10x_gpio.o(i.GPIO_ParaInit), (16 bytes).
    Removing gd32f10x_gpio.o(i.GPIO_PinLockConfig), (18 bytes).
    Removing gd32f10x_gpio.o(i.GPIO_PinRemapConfig), (144 bytes).
    Removing gd32f10x_gpio.o(i.GPIO_ReadInputBit), (18 bytes).
    Removing gd32f10x_gpio.o(i.GPIO_ReadInputData), (8 bytes).
    Removing gd32f10x_gpio.o(i.GPIO_ReadOutputBit), (18 bytes).
    Removing gd32f10x_gpio.o(i.GPIO_ReadOutputData), (8 bytes).
    Removing gd32f10x_gpio.o(i.GPIO_ResetBits), (4 bytes).
    Removing gd32f10x_gpio.o(i.GPIO_SetBits), (4 bytes).
    Removing gd32f10x_gpio.o(i.GPIO_WriteBit), (10 bytes).
    Removing gd32f10x_gpio.o(i.GPIO_WritePort), (4 bytes).
    Removing gd32f10x_i2c.o(.rev16_text), (4 bytes).
    Removing gd32f10x_i2c.o(.revsh_text), (4 bytes).
    Removing gd32f10x_i2c.o(.rrx_text), (6 bytes).
    Removing gd32f10x_i2c.o(i.I2C_ARP_Enable), (24 bytes).
    Removing gd32f10x_i2c.o(i.I2C_Acknowledge_Enable), (24 bytes).
    Removing gd32f10x_i2c.o(i.I2C_AddressingDevice_7bit), (18 bytes).
    Removing gd32f10x_i2c.o(i.I2C_ClearBitState), (12 bytes).
    Removing gd32f10x_i2c.o(i.I2C_ClearIntBitState), (12 bytes).
    Removing gd32f10x_i2c.o(i.I2C_DMALastTransfer_Enable), (24 bytes).
    Removing gd32f10x_i2c.o(i.I2C_DMA_Enable), (24 bytes).
    Removing gd32f10x_i2c.o(i.I2C_DeInit), (56 bytes).
    Removing gd32f10x_i2c.o(i.I2C_DualAddress_Enable), (24 bytes).
    Removing gd32f10x_i2c.o(i.I2C_Enable), (24 bytes).
    Removing gd32f10x_i2c.o(i.I2C_FastModeDutyCycle), (28 bytes).
    Removing gd32f10x_i2c.o(i.I2C_GeneralCall_Enable), (24 bytes).
    Removing gd32f10x_i2c.o(i.I2C_GetBitState), (56 bytes).
    Removing gd32f10x_i2c.o(i.I2C_GetCurrentState), (26 bytes).
    Removing gd32f10x_i2c.o(i.I2C_GetIntBitState), (36 bytes).
    Removing gd32f10x_i2c.o(i.I2C_GetPECValue), (8 bytes).
    Removing gd32f10x_i2c.o(i.I2C_INTConfig), (18 bytes).
    Removing gd32f10x_i2c.o(i.I2C_Init), (260 bytes).
    Removing gd32f10x_i2c.o(i.I2C_NACKPosition_Enable), (28 bytes).
    Removing gd32f10x_i2c.o(i.I2C_OwnAddress2), (22 bytes).
    Removing gd32f10x_i2c.o(i.I2C_PECPosition_Enable), (28 bytes).
    Removing gd32f10x_i2c.o(i.I2C_PECTransmit_Enable), (24 bytes).
    Removing gd32f10x_i2c.o(i.I2C_PEC_Enable), (24 bytes).
    Removing gd32f10x_i2c.o(i.I2C_ParaInit), (28 bytes).
    Removing gd32f10x_i2c.o(i.I2C_ReadRegister), (22 bytes).
    Removing gd32f10x_i2c.o(i.I2C_ReceiveData), (8 bytes).
    Removing gd32f10x_i2c.o(i.I2C_SMBusAlertSend_Enable), (24 bytes).
    Removing gd32f10x_i2c.o(i.I2C_SendData), (4 bytes).
    Removing gd32f10x_i2c.o(i.I2C_SoftwareReset_Enable), (22 bytes).
    Removing gd32f10x_i2c.o(i.I2C_StartOnBus_Enable), (24 bytes).
    Removing gd32f10x_i2c.o(i.I2C_StateDetect), (42 bytes).
    Removing gd32f10x_i2c.o(i.I2C_StopOnBus_Enable), (24 bytes).
    Removing gd32f10x_i2c.o(i.I2C_StretchClock_Enable), (24 bytes).
    Removing gd32f10x_iwdg.o(.rev16_text), (4 bytes).
    Removing gd32f10x_iwdg.o(.revsh_text), (4 bytes).
    Removing gd32f10x_iwdg.o(.rrx_text), (6 bytes).
    Removing gd32f10x_iwdg.o(i.IWDG_Enable), (16 bytes).
    Removing gd32f10x_iwdg.o(i.IWDG_GetBitState), (24 bytes).
    Removing gd32f10x_iwdg.o(i.IWDG_SetPrescaler), (12 bytes).
    Removing gd32f10x_iwdg.o(i.IWDG_SetReloadValue), (12 bytes).
    Removing gd32f10x_iwdg.o(i.IWDG_Write_Enable), (12 bytes).
    Removing gd32f10x_misc.o(.rev16_text), (4 bytes).
    Removing gd32f10x_misc.o(.revsh_text), (4 bytes).
    Removing gd32f10x_misc.o(.rrx_text), (6 bytes).
    Removing gd32f10x_misc.o(i.NVIC_Init), (204 bytes).
    Removing gd32f10x_misc.o(i.NVIC_PRIGroup_Enable), (20 bytes).
    Removing gd32f10x_misc.o(i.NVIC_SystemLowPowerConfig), (32 bytes).
    Removing gd32f10x_misc.o(i.NVIC_VectTableSet), (20 bytes).
    Removing gd32f10x_misc.o(i.SysTick_CKSource_Enable), (40 bytes).
    Removing gd32f10x_rcc.o(.rev16_text), (4 bytes).
    Removing gd32f10x_rcc.o(.revsh_text), (4 bytes).
    Removing gd32f10x_rcc.o(.rrx_text), (6 bytes).
    Removing gd32f10x_rcc.o(i.RCC_ADCCLKConfig), (32 bytes).
    Removing gd32f10x_rcc.o(i.RCC_AHBConfig), (24 bytes).
    Removing gd32f10x_rcc.o(i.RCC_AHBPeriphClock_Enable), (32 bytes).
    Removing gd32f10x_rcc.o(i.RCC_APB1Config), (24 bytes).
    Removing gd32f10x_rcc.o(i.RCC_APB1PeriphClock_Enable), (32 bytes).
    Removing gd32f10x_rcc.o(i.RCC_APB1PeriphReset_Enable), (32 bytes).
    Removing gd32f10x_rcc.o(i.RCC_APB2Config), (24 bytes).
    Removing gd32f10x_rcc.o(i.RCC_APB2PeriphClock_Enable), (32 bytes).
    Removing gd32f10x_rcc.o(i.RCC_APB2PeriphReset_Enable), (32 bytes).
    Removing gd32f10x_rcc.o(i.RCC_AdjustHSICalibrationValue), (24 bytes).
    Removing gd32f10x_rcc.o(i.RCC_BackupReset_Enable), (36 bytes).
    Removing gd32f10x_rcc.o(i.RCC_CKOUTSRCConfig), (24 bytes).
    Removing gd32f10x_rcc.o(i.RCC_CK_SYSConfig), (24 bytes).
    Removing gd32f10x_rcc.o(i.RCC_ClearBitState), (20 bytes).
    Removing gd32f10x_rcc.o(i.RCC_ClearIntBitState), (12 bytes).
    Removing gd32f10x_rcc.o(i.RCC_DeInit), (84 bytes).
    Removing gd32f10x_rcc.o(i.RCC_GetBitState), (56 bytes).
    Removing gd32f10x_rcc.o(i.RCC_GetCK_SYSSource), (16 bytes).
    Removing gd32f10x_rcc.o(i.RCC_GetClocksFreq), (324 bytes).
    Removing gd32f10x_rcc.o(i.RCC_GetIntBitState), (24 bytes).
    Removing gd32f10x_rcc.o(i.RCC_HSEClockMonitor_Enable), (36 bytes).
    Removing gd32f10x_rcc.o(i.RCC_HSEConfig), (28 bytes).
    Removing gd32f10x_rcc.o(i.RCC_HSI_Enable), (36 bytes).
    Removing gd32f10x_rcc.o(i.RCC_INTConfig), (32 bytes).
    Removing gd32f10x_rcc.o(i.RCC_KERNELVOLConfig), (28 bytes).
    Removing gd32f10x_rcc.o(i.RCC_LSEConfig), (36 bytes).
    Removing gd32f10x_rcc.o(i.RCC_LSI_Enable), (36 bytes).
    Removing gd32f10x_rcc.o(i.RCC_PLLConfig), (32 bytes).
    Removing gd32f10x_rcc.o(i.RCC_PLL_Enable), (36 bytes).
    Removing gd32f10x_rcc.o(i.RCC_RTCCLKConfig), (28 bytes).
    Removing gd32f10x_rcc.o(i.RCC_RTCCLK_Enable), (36 bytes).
    Removing gd32f10x_rcc.o(i.RCC_USBCLKConfig), (28 bytes).
    Removing gd32f10x_rcc.o(i.RCC_WaitForHSEStartUp), (54 bytes).
    Removing gd32f10x_rcc.o(.data), (24 bytes).
    Removing gd32f10x_timer.o(.rev16_text), (4 bytes).
    Removing gd32f10x_timer.o(.revsh_text), (4 bytes).
    Removing gd32f10x_timer.o(.rrx_text), (6 bytes).
    Removing gd32f10x_timer.o(i.TI1_Config), (58 bytes).
    Removing gd32f10x_timer.o(i.TI2_Config), (80 bytes).
    Removing gd32f10x_timer.o(i.TI3_Config), (72 bytes).
    Removing gd32f10x_timer.o(i.TI4_Config), (86 bytes).
    Removing gd32f10x_timer.o(i.TIMER_BKDTConfig), (32 bytes).
    Removing gd32f10x_timer.o(i.TIMER_BKDTStructInit), (18 bytes).
    Removing gd32f10x_timer.o(i.TIMER_BaseInit), (192 bytes).
    Removing gd32f10x_timer.o(i.TIMER_BaseStructInit), (18 bytes).
    Removing gd32f10x_timer.o(i.TIMER_CARLPreloadConfig), (24 bytes).
    Removing gd32f10x_timer.o(i.TIMER_CC_DMA), (24 bytes).
    Removing gd32f10x_timer.o(i.TIMER_CC_PreloadControl), (24 bytes).
    Removing gd32f10x_timer.o(i.TIMER_CCxCmd), (30 bytes).
    Removing gd32f10x_timer.o(i.TIMER_CCxNCmd), (30 bytes).
    Removing gd32f10x_timer.o(i.TIMER_ClearBitState), (6 bytes).
    Removing gd32f10x_timer.o(i.TIMER_Compare1Config), (4 bytes).
    Removing gd32f10x_timer.o(i.TIMER_Compare2Config), (4 bytes).
    Removing gd32f10x_timer.o(i.TIMER_Compare3Config), (4 bytes).
    Removing gd32f10x_timer.o(i.TIMER_Compare4Config), (6 bytes).
    Removing gd32f10x_timer.o(i.TIMER_CounterMode), (18 bytes).
    Removing gd32f10x_timer.o(i.TIMER_CtrlPWMOutputs), (30 bytes).
    Removing gd32f10x_timer.o(i.TIMER_DMACmd), (18 bytes).
    Removing gd32f10x_timer.o(i.TIMER_DMAConfig), (10 bytes).
    Removing gd32f10x_timer.o(i.TIMER_DeInit), (476 bytes).
    Removing gd32f10x_timer.o(i.TIMER_ETRClockMode1Config), (54 bytes).
    Removing gd32f10x_timer.o(i.TIMER_ETRClockMode2Config), (32 bytes).
    Removing gd32f10x_timer.o(i.TIMER_ETRConfig), (28 bytes).
    Removing gd32f10x_timer.o(i.TIMER_Enable), (24 bytes).
    Removing gd32f10x_timer.o(i.TIMER_EncoderInterfaceConfig), (66 bytes).
    Removing gd32f10x_timer.o(i.TIMER_Forced_OC1), (18 bytes).
    Removing gd32f10x_timer.o(i.TIMER_Forced_OC2), (26 bytes).
    Removing gd32f10x_timer.o(i.TIMER_Forced_OC3), (18 bytes).
    Removing gd32f10x_timer.o(i.TIMER_Forced_OC4), (26 bytes).
    Removing gd32f10x_timer.o(i.TIMER_GenerateEvent), (4 bytes).
    Removing gd32f10x_timer.o(i.TIMER_GetBitState), (16 bytes).
    Removing gd32f10x_timer.o(i.TIMER_GetCapture1), (6 bytes).
    Removing gd32f10x_timer.o(i.TIMER_GetCapture2), (6 bytes).
    Removing gd32f10x_timer.o(i.TIMER_GetCapture3), (6 bytes).
    Removing gd32f10x_timer.o(i.TIMER_GetCapture4), (8 bytes).
    Removing gd32f10x_timer.o(i.TIMER_GetCounter), (6 bytes).
    Removing gd32f10x_timer.o(i.TIMER_GetPrescaler), (6 bytes).
    Removing gd32f10x_timer.o(i.TIMER_ICInit), (110 bytes).
    Removing gd32f10x_timer.o(i.TIMER_ICStructInit), (18 bytes).
    Removing gd32f10x_timer.o(i.TIMER_INTConfig), (18 bytes).
    Removing gd32f10x_timer.o(i.TIMER_ITRxExtClock), (24 bytes).
    Removing gd32f10x_timer.o(i.TIMER_InternalClockConfig), (12 bytes).
    Removing gd32f10x_timer.o(i.TIMER_OC1N_Polarity), (18 bytes).
    Removing gd32f10x_timer.o(i.TIMER_OC1_FastConfig), (18 bytes).
    Removing gd32f10x_timer.o(i.TIMER_OC1_Init), (124 bytes).
    Removing gd32f10x_timer.o(i.TIMER_OC1_Polarity), (18 bytes).
    Removing gd32f10x_timer.o(i.TIMER_OC1_Preload), (18 bytes).
    Removing gd32f10x_timer.o(i.TIMER_OC1_RefClear), (18 bytes).
    Removing gd32f10x_timer.o(i.TIMER_OC2N_Polarity), (26 bytes).
    Removing gd32f10x_timer.o(i.TIMER_OC2_FastConfig), (26 bytes).
    Removing gd32f10x_timer.o(i.TIMER_OC2_Init), (164 bytes).
    Removing gd32f10x_timer.o(i.TIMER_OC2_Polarity), (26 bytes).
    Removing gd32f10x_timer.o(i.TIMER_OC2_Preload), (26 bytes).
    Removing gd32f10x_timer.o(i.TIMER_OC2_RefClear), (24 bytes).
    Removing gd32f10x_timer.o(i.TIMER_OC3N_Polarity), (26 bytes).
    Removing gd32f10x_timer.o(i.TIMER_OC3_FastConfig), (18 bytes).
    Removing gd32f10x_timer.o(i.TIMER_OC3_Init), (160 bytes).
    Removing gd32f10x_timer.o(i.TIMER_OC3_Polarity), (26 bytes).
    Removing gd32f10x_timer.o(i.TIMER_OC3_Preload), (18 bytes).
    Removing gd32f10x_timer.o(i.TIMER_OC3_RefClear), (18 bytes).
    Removing gd32f10x_timer.o(i.TIMER_OC4_FastConfig), (26 bytes).
    Removing gd32f10x_timer.o(i.TIMER_OC4_Init), (124 bytes).
    Removing gd32f10x_timer.o(i.TIMER_OC4_Polarity), (26 bytes).
    Removing gd32f10x_timer.o(i.TIMER_OC4_Preload), (26 bytes).
    Removing gd32f10x_timer.o(i.TIMER_OC4_RefClear), (24 bytes).
    Removing gd32f10x_timer.o(i.TIMER_OCStructInit), (20 bytes).
    Removing gd32f10x_timer.o(i.TIMER_OCxModeConfig), (82 bytes).
    Removing gd32f10x_timer.o(i.TIMER_PWMCaptureConfig), (124 bytes).
    Removing gd32f10x_timer.o(i.TIMER_PrescalerConfig), (6 bytes).
    Removing gd32f10x_timer.o(i.TIMER_SelectCOM), (24 bytes).
    Removing gd32f10x_timer.o(i.TIMER_SelectHallSensor), (24 bytes).
    Removing gd32f10x_timer.o(i.TIMER_SelectInputTrigger), (18 bytes).
    Removing gd32f10x_timer.o(i.TIMER_SelectMasterSlaveMode), (18 bytes).
    Removing gd32f10x_timer.o(i.TIMER_SelectOutputTrigger), (18 bytes).
    Removing gd32f10x_timer.o(i.TIMER_SelectSlaveMode), (18 bytes).
    Removing gd32f10x_timer.o(i.TIMER_SetAutoreload), (4 bytes).
    Removing gd32f10x_timer.o(i.TIMER_SetClockDivision), (18 bytes).
    Removing gd32f10x_timer.o(i.TIMER_SetCounter), (4 bytes).
    Removing gd32f10x_timer.o(i.TIMER_Set_IC1_Prescaler), (18 bytes).
    Removing gd32f10x_timer.o(i.TIMER_Set_IC2_Prescaler), (26 bytes).
    Removing gd32f10x_timer.o(i.TIMER_Set_IC3_Prescaler), (18 bytes).
    Removing gd32f10x_timer.o(i.TIMER_Set_IC4_Prescaler), (26 bytes).
    Removing gd32f10x_timer.o(i.TIMER_SinglePulseMode), (18 bytes).
    Removing gd32f10x_timer.o(i.TIMER_TIxExtCLkConfig), (62 bytes).
    Removing gd32f10x_timer.o(i.TIMER_UpdateDisableConfig), (24 bytes).
    Removing gd32f10x_timer.o(i.TIMER_UpdateRequestConfig), (24 bytes).
    Removing gd32f10x_usart.o(.rev16_text), (4 bytes).
    Removing gd32f10x_usart.o(.revsh_text), (4 bytes).
    Removing gd32f10x_usart.o(.rrx_text), (6 bytes).
    Removing gd32f10x_usart.o(i.USART_Address), (16 bytes).
    Removing gd32f10x_usart.o(i.USART_ClearBitState), (6 bytes).
    Removing gd32f10x_usart.o(i.USART_ClockInit), (32 bytes).
    Removing gd32f10x_usart.o(i.USART_ClockStructInit), (12 bytes).
    Removing gd32f10x_usart.o(i.USART_DMA_Enable), (18 bytes).
    Removing gd32f10x_usart.o(i.USART_DataSend), (8 bytes).
    Removing gd32f10x_usart.o(i.USART_DeInit), (156 bytes).
    Removing gd32f10x_usart.o(i.USART_Enable), (22 bytes).
    Removing gd32f10x_usart.o(i.USART_GetBitState), (16 bytes).
    Removing gd32f10x_usart.o(i.USART_GuardTime_Set), (16 bytes).
    Removing gd32f10x_usart.o(i.USART_HalfDuplex_Enable), (22 bytes).
    Removing gd32f10x_usart.o(i.USART_INT_Set), (64 bytes).
    Removing gd32f10x_usart.o(i.USART_Init), (132 bytes).
    Removing gd32f10x_usart.o(i.USART_IrDA_Enable), (22 bytes).
    Removing gd32f10x_usart.o(i.USART_IrDA_Set), (16 bytes).
    Removing gd32f10x_usart.o(i.USART_LIN_Enable), (22 bytes).
    Removing gd32f10x_usart.o(i.USART_MuteModeWakeUp_Set), (16 bytes).
    Removing gd32f10x_usart.o(i.USART_MuteMode_Enable), (22 bytes).
    Removing gd32f10x_usart.o(i.USART_ParaInit), (24 bytes).
    Removing gd32f10x_usart.o(i.USART_SendBreak), (10 bytes).
    Removing gd32f10x_usart.o(i.USART_SetLINBDLength), (16 bytes).
    Removing gd32f10x_usart.o(i.USART_SetPrescaler), (16 bytes).
    Removing gd32f10x_usart.o(i.USART_SmartCardNACK_Enable), (22 bytes).
    Removing gd32f10x_usart.o(i.USART_SmartCard_Enable), (22 bytes).
    Removing core_cm3.o(.emb_text), (32 bytes).
    Removing system_gd32f10x.o(.rev16_text), (4 bytes).
    Removing system_gd32f10x.o(.revsh_text), (4 bytes).
    Removing system_gd32f10x.o(.rrx_text), (6 bytes).
    Removing system_gd32f10x.o(i.SystemCoreClockUpdate), (184 bytes).
    Removing system_gd32f10x.o(.data), (20 bytes).
    Removing gd32f10x_fmc.o(.rev16_text), (4 bytes).
    Removing gd32f10x_fmc.o(.revsh_text), (4 bytes).
    Removing gd32f10x_fmc.o(.rrx_text), (6 bytes).
    Removing gd32f10x_fmc.o(i.FMC_B1_WaitReady), (34 bytes).
    Removing gd32f10x_fmc.o(i.FMC_B2_WaitReady), (34 bytes).
    Removing gd32f10x_fmc.o(i.FMC_ClearBitState), (44 bytes).
    Removing gd32f10x_fmc.o(i.FMC_ErasePage), (244 bytes).
    Removing gd32f10x_fmc.o(i.FMC_GetB1State), (52 bytes).
    Removing gd32f10x_fmc.o(i.FMC_GetB2State), (68 bytes).
    Removing gd32f10x_fmc.o(i.FMC_GetBitState), (120 bytes).
    Removing gd32f10x_fmc.o(i.FMC_GetState), (52 bytes).
    Removing gd32f10x_fmc.o(i.FMC_INTConfig), (112 bytes).
    Removing gd32f10x_fmc.o(i.FMC_Lock), (44 bytes).
    Removing gd32f10x_fmc.o(i.FMC_LockB1), (20 bytes).
    Removing gd32f10x_fmc.o(i.FMC_MassB1Erase), (68 bytes).
    Removing gd32f10x_fmc.o(i.FMC_MassB2Erase), (68 bytes).
    Removing gd32f10x_fmc.o(i.FMC_MassErase), (196 bytes).
    Removing gd32f10x_fmc.o(i.FMC_OB_BOOTConfig), (116 bytes).
    Removing gd32f10x_fmc.o(i.FMC_OB_EnableWRP), (188 bytes).
    Removing gd32f10x_fmc.o(i.FMC_OB_Erase), (140 bytes).
    Removing gd32f10x_fmc.o(i.FMC_OB_GetRDP), (24 bytes).
    Removing gd32f10x_fmc.o(i.FMC_OB_GetUser), (16 bytes).
    Removing gd32f10x_fmc.o(i.FMC_OB_GetWRP), (12 bytes).
    Removing gd32f10x_fmc.o(i.FMC_OB_Lock), (20 bytes).
    Removing gd32f10x_fmc.o(i.FMC_OB_RDPConfig), (132 bytes).
    Removing gd32f10x_fmc.o(i.FMC_OB_Reset), (20 bytes).
    Removing gd32f10x_fmc.o(i.FMC_OB_Unlock), (36 bytes).
    Removing gd32f10x_fmc.o(i.FMC_OB_UserConfig), (84 bytes).
    Removing gd32f10x_fmc.o(i.FMC_OB_WriteUser), (76 bytes).
    Removing gd32f10x_fmc.o(i.FMC_ProgramOptionByteData), (68 bytes).
    Removing gd32f10x_fmc.o(i.FMC_ProgramWord), (200 bytes).
    Removing gd32f10x_fmc.o(i.FMC_ReadOutProtection), (184 bytes).
    Removing gd32f10x_fmc.o(i.FMC_Unlock), (68 bytes).
    Removing gd32f10x_fmc.o(i.FMC_UnlockB1), (36 bytes).
    Removing gd32f10x_fmc.o(i.FMC_WaitReady), (34 bytes).

370 unused section(s) (total 22686 bytes) removed from the image.

==============================================================================

Image Symbol Table

    Local Symbols

    Symbol Name                              Value     Ov Type        Size  Object(Section)

    ../clib/microlib/init/entry.s            0x00000000   Number         0  entry7b.o ABSOLUTE
    ../clib/microlib/init/entry.s            0x00000000   Number         0  entry8a.o ABSOLUTE
    ../clib/microlib/init/entry.s            0x00000000   Number         0  entry7a.o ABSOLUTE
    ../clib/microlib/init/entry.s            0x00000000   Number         0  entry5.o ABSOLUTE
    ../clib/microlib/init/entry.s            0x00000000   Number         0  entry8b.o ABSOLUTE
    ../clib/microlib/init/entry.s            0x00000000   Number         0  entry2.o ABSOLUTE
    ../clib/microlib/init/entry.s            0x00000000   Number         0  entry9a.o ABSOLUTE
    ../clib/microlib/init/entry.s            0x00000000   Number         0  entry.o ABSOLUTE
    ../clib/microlib/init/entry.s            0x00000000   Number         0  entry10a.o ABSOLUTE
    ../clib/microlib/init/entry.s            0x00000000   Number         0  entry9b.o ABSOLUTE
    ../clib/microlib/init/entry.s            0x00000000   Number         0  entry10b.o ABSOLUTE
    ../clib/microlib/init/entry.s            0x00000000   Number         0  entry11a.o ABSOLUTE
    ../clib/microlib/init/entry.s            0x00000000   Number         0  entry11b.o ABSOLUTE
    ..\\app\\App_Adc.c                       0x00000000   Number         0  app_adc.o ABSOLUTE
    ..\\app\\App_Uart.c                      0x00000000   Number         0  app_uart.o ABSOLUTE
    ..\\app\\main.c                          0x00000000   Number         0  main.o ABSOLUTE
    ..\\driver\\drv_IO.c                     0x00000000   Number         0  drv_io.o ABSOLUTE
    ..\\driver\\drv_Init.c                   0x00000000   Number         0  drv_init.o ABSOLUTE
    ..\\driver\\drv_Timer.c                  0x00000000   Number         0  drv_timer.o ABSOLUTE
    ..\\driver\\drv_adc.c                    0x00000000   Number         0  drv_adc.o ABSOLUTE
    ..\\driver\\drv_uart.c                   0x00000000   Number         0  drv_uart.o ABSOLUTE
    ..\\sdk\\CMSIS\\core_cm3.c               0x00000000   Number         0  core_cm3.o ABSOLUTE
    ..\\sdk\\CMSIS\\system_gd32f10x.c        0x00000000   Number         0  system_gd32f10x.o ABSOLUTE
    ..\\sdk\\Peripherals\\src\\gd32f10x_adc.c 0x00000000   Number         0  gd32f10x_adc.o ABSOLUTE
    ..\\sdk\\Peripherals\\src\\gd32f10x_dma.c 0x00000000   Number         0  gd32f10x_dma.o ABSOLUTE
    ..\\sdk\\Peripherals\\src\\gd32f10x_exti.c 0x00000000   Number         0  gd32f10x_exti.o ABSOLUTE
    ..\\sdk\\Peripherals\\src\\gd32f10x_fmc.c 0x00000000   Number         0  gd32f10x_fmc.o ABSOLUTE
    ..\\sdk\\Peripherals\\src\\gd32f10x_gpio.c 0x00000000   Number         0  gd32f10x_gpio.o ABSOLUTE
    ..\\sdk\\Peripherals\\src\\gd32f10x_i2c.c 0x00000000   Number         0  gd32f10x_i2c.o ABSOLUTE
    ..\\sdk\\Peripherals\\src\\gd32f10x_iwdg.c 0x00000000   Number         0  gd32f10x_iwdg.o ABSOLUTE
    ..\\sdk\\Peripherals\\src\\gd32f10x_misc.c 0x00000000   Number         0  gd32f10x_misc.o ABSOLUTE
    ..\\sdk\\Peripherals\\src\\gd32f10x_rcc.c 0x00000000   Number         0  gd32f10x_rcc.o ABSOLUTE
    ..\\sdk\\Peripherals\\src\\gd32f10x_timer.c 0x00000000   Number         0  gd32f10x_timer.o ABSOLUTE
    ..\\sdk\\Peripherals\\src\\gd32f10x_usart.c 0x00000000   Number         0  gd32f10x_usart.o ABSOLUTE
    ..\app\App_Adc.c                         0x00000000   Number         0  app_adc.o ABSOLUTE
    ..\app\App_Uart.c                        0x00000000   Number         0  app_uart.o ABSOLUTE
    ..\app\main.c                            0x00000000   Number         0  main.o ABSOLUTE
    ..\driver\drv_IO.c                       0x00000000   Number         0  drv_io.o ABSOLUTE
    ..\driver\drv_Init.c                     0x00000000   Number         0  drv_init.o ABSOLUTE
    ..\driver\drv_Timer.c                    0x00000000   Number         0  drv_timer.o ABSOLUTE
    ..\driver\drv_adc.c                      0x00000000   Number         0  drv_adc.o ABSOLUTE
    ..\driver\drv_uart.c                     0x00000000   Number         0  drv_uart.o ABSOLUTE
    ..\sdk\CMSIS\core_cm3.c                  0x00000000   Number         0  core_cm3.o ABSOLUTE
    ..\sdk\CMSIS\system_gd32f10x.c           0x00000000   Number         0  system_gd32f10x.o ABSOLUTE
    ..\sdk\Peripherals\src\gd32f10x_adc.c    0x00000000   Number         0  gd32f10x_adc.o ABSOLUTE
    ..\sdk\Peripherals\src\gd32f10x_dma.c    0x00000000   Number         0  gd32f10x_dma.o ABSOLUTE
    ..\sdk\Peripherals\src\gd32f10x_exti.c   0x00000000   Number         0  gd32f10x_exti.o ABSOLUTE
    ..\sdk\Peripherals\src\gd32f10x_fmc.c    0x00000000   Number         0  gd32f10x_fmc.o ABSOLUTE
    ..\sdk\Peripherals\src\gd32f10x_gpio.c   0x00000000   Number         0  gd32f10x_gpio.o ABSOLUTE
    ..\sdk\Peripherals\src\gd32f10x_i2c.c    0x00000000   Number         0  gd32f10x_i2c.o ABSOLUTE
    ..\sdk\Peripherals\src\gd32f10x_iwdg.c   0x00000000   Number         0  gd32f10x_iwdg.o ABSOLUTE
    ..\sdk\Peripherals\src\gd32f10x_misc.c   0x00000000   Number         0  gd32f10x_misc.o ABSOLUTE
    ..\sdk\Peripherals\src\gd32f10x_rcc.c    0x00000000   Number         0  gd32f10x_rcc.o ABSOLUTE
    ..\sdk\Peripherals\src\gd32f10x_timer.c  0x00000000   Number         0  gd32f10x_timer.o ABSOLUTE
    ..\sdk\Peripherals\src\gd32f10x_usart.c  0x00000000   Number         0  gd32f10x_usart.o ABSOLUTE
    ..\startup\startup_gd32f10x_hd.s         0x00000000   Number         0  startup_gd32f10x_hd.o ABSOLUTE
    dc.s                                     0x00000000   Number         0  dc.o ABSOLUTE
    handlers.s                               0x00000000   Number         0  handlers.o ABSOLUTE
    init.s                                   0x00000000   Number         0  init.o ABSOLUTE
    RESET                                    0x08000000   Section      304  startup_gd32f10x_hd.o(RESET)
    .ARM.Collect$$$$00000000                 0x08000130   Section        0  entry.o(.ARM.Collect$$$$00000000)
    .ARM.Collect$$$$00000001                 0x08000130   Section        4  entry2.o(.ARM.Collect$$$$00000001)
    .ARM.Collect$$$$00000004                 0x08000134   Section        4  entry5.o(.ARM.Collect$$$$00000004)
    .ARM.Collect$$$$00000008                 0x08000138   Section        0  entry7b.o(.ARM.Collect$$$$00000008)
    .ARM.Collect$$$$0000000A                 0x08000138   Section        0  entry8b.o(.ARM.Collect$$$$0000000A)
    .ARM.Collect$$$$0000000B                 0x08000138   Section        8  entry9a.o(.ARM.Collect$$$$0000000B)
    .ARM.Collect$$$$0000000D                 0x08000140   Section        0  entry10a.o(.ARM.Collect$$$$0000000D)
    .ARM.Collect$$$$0000000F                 0x08000140   Section        0  entry11a.o(.ARM.Collect$$$$0000000F)
    .ARM.Collect$$$$00002712                 0x08000140   Section        4  entry2.o(.ARM.Collect$$$$00002712)
    __lit__00000000                          0x08000140   Data           4  entry2.o(.ARM.Collect$$$$00002712)
    .text                                    0x08000144   Section       36  startup_gd32f10x_hd.o(.text)
    .text                                    0x08000168   Section       36  init.o(.text)
    i.IWDG_ReloadCounter                     0x0800018c   Section        0  gd32f10x_iwdg.o(i.IWDG_ReloadCounter)
    i.SetSysClock                            0x0800019c   Section        0  system_gd32f10x.o(i.SetSysClock)
    SetSysClock                              0x0800019d   Thumb Code     8  system_gd32f10x.o(i.SetSysClock)
    i.SetSysClockTo108                       0x080001a4   Section        0  system_gd32f10x.o(i.SetSysClockTo108)
    SetSysClockTo108                         0x080001a5   Thumb Code   188  system_gd32f10x.o(i.SetSysClockTo108)
    i.SystemInit                             0x0800026c   Section        0  system_gd32f10x.o(i.SystemInit)
    i.TIMER2_IRQHandler                      0x080002c4   Section        0  drv_timer.o(i.TIMER2_IRQHandler)
    i.TIMER_ClearIntBitState                 0x08000304   Section        0  gd32f10x_timer.o(i.TIMER_ClearIntBitState)
    i.TIMER_GetIntBitState                   0x0800030a   Section        0  gd32f10x_timer.o(i.TIMER_GetIntBitState)
    i.USART1_IRQHandler                      0x0800032c   Section        0  app_uart.o(i.USART1_IRQHandler)
    i.USART_ClearIntBitState                 0x08000354   Section        0  gd32f10x_usart.o(i.USART_ClearIntBitState)
    i.USART_DataReceive                      0x08000368   Section        0  gd32f10x_usart.o(i.USART_DataReceive)
    i.USART_GetIntBitState                   0x08000372   Section        0  gd32f10x_usart.o(i.USART_GetIntBitState)
    i.__scatterload_copy                     0x080003bc   Section       14  handlers.o(i.__scatterload_copy)
    i.__scatterload_null                     0x080003ca   Section        2  handlers.o(i.__scatterload_null)
    i.__scatterload_zeroinit                 0x080003cc   Section       14  handlers.o(i.__scatterload_zeroinit)
    i.main                                   0x080003da   Section        0  main.o(i.main)
    .bss                                     0x20000000   Section       12  drv_timer.o(.bss)
    STACK                                    0x20000010   Section     1024  startup_gd32f10x_hd.o(STACK)

    Global Symbols

    Symbol Name                              Value     Ov Type        Size  Object(Section)

    BuildAttributes$$THM_ISAv4$P$D$K$B$S$PE$A:L22UL41UL21$X:L11$S22US41US21$IEEE1$IW$USESV6$~STKCKD$USESV7$~SHL$OSPACE$EBA8$MICROLIB$REQ8$PRES8$EABIv2 0x00000000   Number         0  anon$$obj.o ABSOLUTE
    __ARM_use_no_argv                        0x00000000   Number         0  main.o ABSOLUTE
    __cpp_initialize__aeabi_                  - Undefined Weak Reference
    __cxa_finalize                            - Undefined Weak Reference
    __decompress                              - Undefined Weak Reference
    _clock_init                               - Undefined Weak Reference
    _microlib_exit                            - Undefined Weak Reference
    __Vectors_Size                           0x00000130   Number         0  startup_gd32f10x_hd.o ABSOLUTE
    __Vectors                                0x08000000   Data           4  startup_gd32f10x_hd.o(RESET)
    __Vectors_End                            0x08000130   Data           0  startup_gd32f10x_hd.o(RESET)
    __main                                   0x08000131   Thumb Code     0  entry.o(.ARM.Collect$$$$00000000)
    _main_stk                                0x08000131   Thumb Code     0  entry2.o(.ARM.Collect$$$$00000001)
    _main_scatterload                        0x08000135   Thumb Code     0  entry5.o(.ARM.Collect$$$$00000004)
    __main_after_scatterload                 0x08000139   Thumb Code     0  entry5.o(.ARM.Collect$$$$00000004)
    _main_clock                              0x08000139   Thumb Code     0  entry7b.o(.ARM.Collect$$$$00000008)
    _main_cpp_init                           0x08000139   Thumb Code     0  entry8b.o(.ARM.Collect$$$$0000000A)
    _main_init                               0x08000139   Thumb Code     0  entry9a.o(.ARM.Collect$$$$0000000B)
    __rt_final_cpp                           0x08000141   Thumb Code     0  entry10a.o(.ARM.Collect$$$$0000000D)
    __rt_final_exit                          0x08000141   Thumb Code     0  entry11a.o(.ARM.Collect$$$$0000000F)
    Reset_Handler                            0x08000145   Thumb Code     8  startup_gd32f10x_hd.o(.text)
    NMI_Handler                              0x0800014d   Thumb Code     2  startup_gd32f10x_hd.o(.text)
    HardFault_Handler                        0x0800014f   Thumb Code     2  startup_gd32f10x_hd.o(.text)
    MemManage_Handler                        0x08000151   Thumb Code     2  startup_gd32f10x_hd.o(.text)
    BusFault_Handler                         0x08000153   Thumb Code     2  startup_gd32f10x_hd.o(.text)
    UsageFault_Handler                       0x08000155   Thumb Code     2  startup_gd32f10x_hd.o(.text)
    SVC_Handler                              0x08000157   Thumb Code     2  startup_gd32f10x_hd.o(.text)
    DebugMon_Handler                         0x08000159   Thumb Code     2  startup_gd32f10x_hd.o(.text)
    PendSV_Handler                           0x0800015b   Thumb Code     2  startup_gd32f10x_hd.o(.text)
    SysTick_Handler                          0x0800015d   Thumb Code     2  startup_gd32f10x_hd.o(.text)
    ADC1_2_IRQHandler                        0x0800015f   Thumb Code     0  startup_gd32f10x_hd.o(.text)
    ADC3_IRQHandler                          0x0800015f   Thumb Code     0  startup_gd32f10x_hd.o(.text)
    CAN1_RX1_IRQHandler                      0x0800015f   Thumb Code     0  startup_gd32f10x_hd.o(.text)
    CAN1_SCE_IRQHandler                      0x0800015f   Thumb Code     0  startup_gd32f10x_hd.o(.text)
    DMA1_Channel1_IRQHandler                 0x0800015f   Thumb Code     0  startup_gd32f10x_hd.o(.text)
    DMA1_Channel2_IRQHandler                 0x0800015f   Thumb Code     0  startup_gd32f10x_hd.o(.text)
    DMA1_Channel3_IRQHandler                 0x0800015f   Thumb Code     0  startup_gd32f10x_hd.o(.text)
    DMA1_Channel4_IRQHandler                 0x0800015f   Thumb Code     0  startup_gd32f10x_hd.o(.text)
    DMA1_Channel5_IRQHandler                 0x0800015f   Thumb Code     0  startup_gd32f10x_hd.o(.text)
    DMA1_Channel6_IRQHandler                 0x0800015f   Thumb Code     0  startup_gd32f10x_hd.o(.text)
    DMA1_Channel7_IRQHandler                 0x0800015f   Thumb Code     0  startup_gd32f10x_hd.o(.text)
    DMA2_Channel1_IRQHandler                 0x0800015f   Thumb Code     0  startup_gd32f10x_hd.o(.text)
    DMA2_Channel2_IRQHandler                 0x0800015f   Thumb Code     0  startup_gd32f10x_hd.o(.text)
    DMA2_Channel3_IRQHandler                 0x0800015f   Thumb Code     0  startup_gd32f10x_hd.o(.text)
    DMA2_Channel4_5_IRQHandler               0x0800015f   Thumb Code     0  startup_gd32f10x_hd.o(.text)
    EXMC_IRQHandler                          0x0800015f   Thumb Code     0  startup_gd32f10x_hd.o(.text)
    EXTI0_IRQHandler                         0x0800015f   Thumb Code     0  startup_gd32f10x_hd.o(.text)
    EXTI15_10_IRQHandler                     0x0800015f   Thumb Code     0  startup_gd32f10x_hd.o(.text)
    EXTI1_IRQHandler                         0x0800015f   Thumb Code     0  startup_gd32f10x_hd.o(.text)
    EXTI2_IRQHandler                         0x0800015f   Thumb Code     0  startup_gd32f10x_hd.o(.text)
    EXTI3_IRQHandler                         0x0800015f   Thumb Code     0  startup_gd32f10x_hd.o(.text)
    EXTI4_IRQHandler                         0x0800015f   Thumb Code     0  startup_gd32f10x_hd.o(.text)
    EXTI9_5_IRQHandler                       0x0800015f   Thumb Code     0  startup_gd32f10x_hd.o(.text)
    FMC_IRQHandler                           0x0800015f   Thumb Code     0  startup_gd32f10x_hd.o(.text)
    I2C1_ER_IRQHandler                       0x0800015f   Thumb Code     0  startup_gd32f10x_hd.o(.text)
    I2C1_EV_IRQHandler                       0x0800015f   Thumb Code     0  startup_gd32f10x_hd.o(.text)
    I2C2_ER_IRQHandler                       0x0800015f   Thumb Code     0  startup_gd32f10x_hd.o(.text)
    I2C2_EV_IRQHandler                       0x0800015f   Thumb Code     0  startup_gd32f10x_hd.o(.text)
    LVD_IRQHandler                           0x0800015f   Thumb Code     0  startup_gd32f10x_hd.o(.text)
    RCC_IRQHandler                           0x0800015f   Thumb Code     0  startup_gd32f10x_hd.o(.text)
    RTCAlarm_IRQHandler                      0x0800015f   Thumb Code     0  startup_gd32f10x_hd.o(.text)
    RTC_IRQHandler                           0x0800015f   Thumb Code     0  startup_gd32f10x_hd.o(.text)
    SDIO_IRQHandler                          0x0800015f   Thumb Code     0  startup_gd32f10x_hd.o(.text)
    SPI1_IRQHandler                          0x0800015f   Thumb Code     0  startup_gd32f10x_hd.o(.text)
    SPI2_IRQHandler                          0x0800015f   Thumb Code     0  startup_gd32f10x_hd.o(.text)
    SPI3_IRQHandler                          0x0800015f   Thumb Code     0  startup_gd32f10x_hd.o(.text)
    TAMPER_IRQHandler                        0x0800015f   Thumb Code     0  startup_gd32f10x_hd.o(.text)
    TIMER1_BRK_IRQHandler                    0x0800015f   Thumb Code     0  startup_gd32f10x_hd.o(.text)
    TIMER1_CC_IRQHandler                     0x0800015f   Thumb Code     0  startup_gd32f10x_hd.o(.text)
    TIMER1_TRG_COM_IRQHandler                0x0800015f   Thumb Code     0  startup_gd32f10x_hd.o(.text)
    TIMER1_UP_IRQHandler                     0x0800015f   Thumb Code     0  startup_gd32f10x_hd.o(.text)
    TIMER3_IRQHandler                        0x0800015f   Thumb Code     0  startup_gd32f10x_hd.o(.text)
    TIMER4_IRQHandler                        0x0800015f   Thumb Code     0  startup_gd32f10x_hd.o(.text)
    TIMER5_IRQHandler                        0x0800015f   Thumb Code     0  startup_gd32f10x_hd.o(.text)
    TIMER6_IRQHandler                        0x0800015f   Thumb Code     0  startup_gd32f10x_hd.o(.text)
    TIMER7_IRQHandler                        0x0800015f   Thumb Code     0  startup_gd32f10x_hd.o(.text)
    TIMER8_BRK_IRQHandler                    0x0800015f   Thumb Code     0  startup_gd32f10x_hd.o(.text)
    TIMER8_CC_IRQHandler                     0x0800015f   Thumb Code     0  startup_gd32f10x_hd.o(.text)
    TIMER8_TRG_COM_IRQHandler                0x0800015f   Thumb Code     0  startup_gd32f10x_hd.o(.text)
    TIMER8_UP_IRQHandler                     0x0800015f   Thumb Code     0  startup_gd32f10x_hd.o(.text)
    UART4_IRQHandler                         0x0800015f   Thumb Code     0  startup_gd32f10x_hd.o(.text)
    UART5_IRQHandler                         0x0800015f   Thumb Code     0  startup_gd32f10x_hd.o(.text)
    USART2_IRQHandler                        0x0800015f   Thumb Code     0  startup_gd32f10x_hd.o(.text)
    USART3_IRQHandler                        0x0800015f   Thumb Code     0  startup_gd32f10x_hd.o(.text)
    USBWakeUp_IRQHandler                     0x0800015f   Thumb Code     0  startup_gd32f10x_hd.o(.text)
    USB_HP_CAN1_TX_IRQHandler                0x0800015f   Thumb Code     0  startup_gd32f10x_hd.o(.text)
    USB_LP_CAN1_RX0_IRQHandler               0x0800015f   Thumb Code     0  startup_gd32f10x_hd.o(.text)
    WWDG_IRQHandler                          0x0800015f   Thumb Code     0  startup_gd32f10x_hd.o(.text)
    __scatterload                            0x08000169   Thumb Code    28  init.o(.text)
    __scatterload_rt2                        0x08000169   Thumb Code     0  init.o(.text)
    IWDG_ReloadCounter                       0x0800018d   Thumb Code    10  gd32f10x_iwdg.o(i.IWDG_ReloadCounter)
    SystemInit                               0x0800026d   Thumb Code    72  system_gd32f10x.o(i.SystemInit)
    TIMER2_IRQHandler                        0x080002c5   Thumb Code    60  drv_timer.o(i.TIMER2_IRQHandler)
    TIMER_ClearIntBitState                   0x08000305   Thumb Code     6  gd32f10x_timer.o(i.TIMER_ClearIntBitState)
    TIMER_GetIntBitState                     0x0800030b   Thumb Code    32  gd32f10x_timer.o(i.TIMER_GetIntBitState)
    USART1_IRQHandler                        0x0800032d   Thumb Code    34  app_uart.o(i.USART1_IRQHandler)
    USART_ClearIntBitState                   0x08000355   Thumb Code    20  gd32f10x_usart.o(i.USART_ClearIntBitState)
    USART_DataReceive                        0x08000369   Thumb Code    10  gd32f10x_usart.o(i.USART_DataReceive)
    USART_GetIntBitState                     0x08000373   Thumb Code    74  gd32f10x_usart.o(i.USART_GetIntBitState)
    __scatterload_copy                       0x080003bd   Thumb Code    14  handlers.o(i.__scatterload_copy)
    __scatterload_null                       0x080003cb   Thumb Code     2  handlers.o(i.__scatterload_null)
    __scatterload_zeroinit                   0x080003cd   Thumb Code    14  handlers.o(i.__scatterload_zeroinit)
    main                                     0x080003db   Thumb Code     4  main.o(i.main)
    Region$$Table$$Base                      0x080003e0   Number         0  anon$$obj.o(Region$$Table)
    Region$$Table$$Limit                     0x080003f0   Number         0  anon$$obj.o(Region$$Table)
    T2_COUNT                                 0x20000000   Data          12  drv_timer.o(.bss)
    __initial_sp                             0x20000410   Data           0  startup_gd32f10x_hd.o(STACK)



==============================================================================

Memory Map of the image

  Image Entry point : 0x08000131

  Load Region LR_IROM1 (Base: 0x08000000, Size: 0x000003f0, Max: 0x00040000, ABSOLUTE)

    Execution Region ER_IROM1 (Exec base: 0x08000000, Load base: 0x08000000, Size: 0x000003f0, Max: 0x00040000, ABSOLUTE)

    Exec Addr    Load Addr    Size         Type   Attr      Idx    E Section Name        Object

    0x08000000   0x08000000   0x00000130   Data   RO            3    RESET               startup_gd32f10x_hd.o
    0x08000130   0x08000130   0x00000000   Code   RO         2445  * .ARM.Collect$$$$00000000  mc_w.l(entry.o)
    0x08000130   0x08000130   0x00000004   Code   RO         2448    .ARM.Collect$$$$00000001  mc_w.l(entry2.o)
    0x08000134   0x08000134   0x00000004   Code   RO         2451    .ARM.Collect$$$$00000004  mc_w.l(entry5.o)
    0x08000138   0x08000138   0x00000000   Code   RO         2453    .ARM.Collect$$$$00000008  mc_w.l(entry7b.o)
    0x08000138   0x08000138   0x00000000   Code   RO         2455    .ARM.Collect$$$$0000000A  mc_w.l(entry8b.o)
    0x08000138   0x08000138   0x00000008   Code   RO         2456    .ARM.Collect$$$$0000000B  mc_w.l(entry9a.o)
    0x08000140   0x08000140   0x00000000   Code   RO         2458    .ARM.Collect$$$$0000000D  mc_w.l(entry10a.o)
    0x08000140   0x08000140   0x00000000   Code   RO         2460    .ARM.Collect$$$$0000000F  mc_w.l(entry11a.o)
    0x08000140   0x08000140   0x00000004   Code   RO         2449    .ARM.Collect$$$$00002712  mc_w.l(entry2.o)
    0x08000144   0x08000144   0x00000024   Code   RO            4    .text               startup_gd32f10x_hd.o
    0x08000168   0x08000168   0x00000024   Code   RO         2462    .text               mc_w.l(init.o)
    0x0800018c   0x0800018c   0x00000010   Code   RO         1109    i.IWDG_ReloadCounter  gd32f10x_iwdg.o
    0x0800019c   0x0800019c   0x00000008   Code   RO         2189    i.SetSysClock       system_gd32f10x.o
    0x080001a4   0x080001a4   0x000000c8   Code   RO         2190    i.SetSysClockTo108  system_gd32f10x.o
    0x0800026c   0x0800026c   0x00000058   Code   RO         2192    i.SystemInit        system_gd32f10x.o
    0x080002c4   0x080002c4   0x00000040   Code   RO          320    i.TIMER2_IRQHandler  drv_timer.o
    0x08000304   0x08000304   0x00000006   Code   RO         1447    i.TIMER_ClearIntBitState  gd32f10x_timer.o
    0x0800030a   0x0800030a   0x00000020   Code   RO         1473    i.TIMER_GetIntBitState  gd32f10x_timer.o
    0x0800032a   0x0800032a   0x00000002   PAD
    0x0800032c   0x0800032c   0x00000028   Code   RO          147    i.USART1_IRQHandler  app_uart.o
    0x08000354   0x08000354   0x00000014   Code   RO         1998    i.USART_ClearIntBitState  gd32f10x_usart.o
    0x08000368   0x08000368   0x0000000a   Code   RO         2002    i.USART_DataReceive  gd32f10x_usart.o
    0x08000372   0x08000372   0x0000004a   Code   RO         2007    i.USART_GetIntBitState  gd32f10x_usart.o
    0x080003bc   0x080003bc   0x0000000e   Code   RO         2466    i.__scatterload_copy  mc_w.l(handlers.o)
    0x080003ca   0x080003ca   0x00000002   Code   RO         2467    i.__scatterload_null  mc_w.l(handlers.o)
    0x080003cc   0x080003cc   0x0000000e   Code   RO         2468    i.__scatterload_zeroinit  mc_w.l(handlers.o)
    0x080003da   0x080003da   0x00000004   Code   RO           13    i.main              main.o
    0x080003de   0x080003de   0x00000002   PAD
    0x080003e0   0x080003e0   0x00000010   Data   RO         2464    Region$$Table       anon$$obj.o


    Execution Region RW_IRAM1 (Exec base: 0x20000000, Load base: 0x080003f0, Size: 0x00000410, Max: 0x0000c000, ABSOLUTE)

    Exec Addr    Load Addr    Size         Type   Attr      Idx    E Section Name        Object

    0x20000000        -       0x0000000c   Zero   RW          321    .bss                drv_timer.o
    0x2000000c   0x080003f0   0x00000004   PAD
    0x20000010        -       0x00000400   Zero   RW            1    STACK               startup_gd32f10x_hd.o


==============================================================================

Image component sizes


      Code (inc. data)   RO Data    RW Data    ZI Data      Debug   Object Name

        40          6          0          0          0        488   app_uart.o
        64          4          0          0         12       1163   drv_timer.o
        16          6          0          0          0        465   gd32f10x_iwdg.o
        38          0          0          0          0      10696   gd32f10x_timer.o
       104          0          0          0          0       5204   gd32f10x_usart.o
         4          0          0          0          0     240263   main.o
        36          8        304          0       1024        824   startup_gd32f10x_hd.o
       296         28          0          0          0       2617   system_gd32f10x.o

    ----------------------------------------------------------------------
       602         52        320          0       1040     261720   Object Totals
         0          0         16          0          0          0   (incl. Generated)
         4          0          0          0          4          0   (incl. Padding)

    ----------------------------------------------------------------------

      Code (inc. data)   RO Data    RW Data    ZI Data      Debug   Library Member Name

         0          0          0          0          0          0   entry.o
         0          0          0          0          0          0   entry10a.o
         0          0          0          0          0          0   entry11a.o
         8          4          0          0          0          0   entry2.o
         4          0          0          0          0          0   entry5.o
         0          0          0          0          0          0   entry7b.o
         0          0          0          0          0          0   entry8b.o
         8          4          0          0          0          0   entry9a.o
        30          0          0          0          0          0   handlers.o
        36          8          0          0          0         68   init.o

    ----------------------------------------------------------------------
        86         16          0          0          0         68   Library Totals
         0          0          0          0          0          0   (incl. Padding)

    ----------------------------------------------------------------------

      Code (inc. data)   RO Data    RW Data    ZI Data      Debug   Library Name

        86         16          0          0          0         68   mc_w.l

    ----------------------------------------------------------------------
        86         16          0          0          0         68   Library Totals

    ----------------------------------------------------------------------

==============================================================================


      Code (inc. data)   RO Data    RW Data    ZI Data      Debug   

       688         68        320          0       1040     261524   Grand Totals
       688         68        320          0       1040     261524   ELF Image Totals
       688         68        320          0          0          0   ROM Totals

==============================================================================

    Total RO  Size (Code + RO Data)                 1008 (   0.98kB)
    Total RW  Size (RW Data + ZI Data)              1040 (   1.02kB)
    Total ROM Size (Code + RO Data + RW Data)       1008 (   0.98kB)

==============================================================================

